ets Jun  8 2016 00:22:57

rst:0x1 (POWERON_RESET),boot:0x13 (SPI_FAST_FLASH_BOOT)
configsip: 0, SPIWP:0xee
clk_drv:0x00,q_drv:0x00,d_drv:0x00,cs0_drv:0x00,hd_drv:0x00,wp_drv:0x00
mode:DIO, clock div:2
load:0x3fff0030,len:7132
ho 0 tail 12 room 4
load:0x40078000,len:15672
ho 0 tail 12 room 4
load:0x40080400,len:4
load:0x40080404,len:3884
entry 0x40080650
[0;32mI (32) boot: ESP-IDF v5.2-dev-917-g37d11ea04d-dirty 2nd stage bootloader[0m
[0;32mI (32) boot: compile time Jun  5 2023 14:11:10[0m
[0;32mI (34) boot: Multicore bootloader[0m
[0;32mI (38) boot: chip revision: v1.0[0m
[0;32mI (42) boot.esp32: SPI Speed      : 40MHz[0m
[0;32mI (47) boot.esp32: SPI Mode       : DIO[0m
[0;32mI (51) boot.esp32: SPI Flash Size : 2MB[0m
[0;32mI (56) boot: Enabling RNG early entropy source...[0m
[0;32mI (61) boot: Partition Table:[0m
[0;32mI (65) boot: ## Label            Usage          Type ST Offset   Length[0m
[0;32mI (72) boot:  0 nvs              WiFi data        01 02 00009000 00006000[0m
[0;32mI (80) boot:  1 phy_init         RF data          01 01 0000f000 00001000[0m
[0;32mI (87) boot:  2 factory          factory app      00 00 00010000 00100000[0m
[0;32mI (95) boot: End of partition table[0m
[0;32mI (99) esp_image: segment 0: paddr=00010020 vaddr=3f400020 size=0a558h ( 42328) map[0m
[0;32mI (123) esp_image: segment 1: paddr=0001a580 vaddr=3ffb0000 size=02148h (  8520) load[0m
[0;32mI (126) esp_image: segment 2: paddr=0001c6d0 vaddr=40080000 size=03948h ( 14664) load[0m
[0;32mI (135) esp_image: segment 3: paddr=00020020 vaddr=400d0020 size=164c8h ( 91336) map[0m
[0;32mI (170) esp_image: segment 4: paddr=000364f0 vaddr=40083948 size=09358h ( 37720) load[0m
[0;32mI (192) boot: Loaded app from partition at offset 0x10000[0m
[0;32mI (192) boot: Disabling RNG early entropy source...[0m
[0;32mI (204) cpu_start: Multicore app[0m
[0;32mI (204) cpu_start: Pro cpu up.[0m
[0;32mI (204) cpu_start: Starting app cpu, entry point is 0x40081104[0m
[0;32mI (0) cpu_start: App cpu up.[0m
[0;32mI (222) cpu_start: Pro cpu start user code[0m
[0;32mI (222) cpu_start: cpu freq: 160000000 Hz[0m
[0;32mI (222) cpu_start: Application information:[0m
[0;32mI (227) cpu_start: Project name:     GPS_task[0m
[0;32mI (232) cpu_start: App version:      619d424-dirty[0m
[0;32mI (237) cpu_start: Compile time:     Jun  5 2023 14:11:02[0m
[0;32mI (243) cpu_start: ELF file SHA256:  ccd0112f8...[0m
[0;32mI (249) cpu_start: ESP-IDF:          v5.2-dev-917-g37d11ea04d-dirty[0m
[0;32mI (256) cpu_start: Min chip rev:     v0.0[0m
[0;32mI (260) cpu_start: Max chip rev:     v3.99 [0m
[0;32mI (265) cpu_start: Chip rev:         v1.0[0m
[0;32mI (270) heap_init: Initializing. RAM available for dynamic allocation:[0m
[0;32mI (277) heap_init: At 3FFAE6E0 len 00001920 (6 KiB): DRAM[0m
[0;32mI (283) heap_init: At 3FFB29B8 len 0002D648 (181 KiB): DRAM[0m
[0;32mI (290) heap_init: At 3FFE0440 len 00003AE0 (14 KiB): D/IRAM[0m
[0;32mI (296) heap_init: At 3FFE4350 len 0001BCB0 (111 KiB): D/IRAM[0m
[0;32mI (302) heap_init: At 4008CCA0 len 00013360 (76 KiB): IRAM[0m
[0;32mI (310) spi_flash: detected chip: generic[0m
[0;32mI (313) spi_flash: flash io: dio[0m
[0;33mW (317) spi_flash: Detected size(4096k) larger than the size in the binary image header(2048k). Using the size in the binary image header.[0m
[0;32mI (331) app_start: Starting scheduler on CPU0[0m
[0;32mI (335) app_start: Starting scheduler on CPU1[0m
[0;32mI (335) main_task: Started on CPU0[0m
[0;32mI (345) main_task: Calling app_main()[0m
[0;32mI (345) main_task: Returned from app_main()[0m
Recv data: bbb
ï¿½79
$GPVTG,,T,,M,0.571,N,1.057,K,A*23
$GPGGA,110359.00,3334.75852,N,07303.59262,E,1,06,1.44,517.7,M,-40.6,M,,*78
$GPGSA,A,3,16,18,10,29,15,23,,,,,,,2.68,1.44,2.26*08
$GPGSV,4,1,13,05,05,059,,10,34,260,35,13,21,044,,15,50,059,27*7F
$GPGSV,4,2,13,16,13,287,26,18,66,007,35,23,63,297,31,24,13,124,*70
$GPGSV,4,3,13,26,09,256,21,27,15,319,,29,37,164,20,32,04,203,21*70
$GPGSV,4,4,13,40,46,210,36*4B
$GPGLL,3334.75852,N,07303.59262,E,110359.00,A,A*61
$GPRMC,110400.00,A,3334.75885,N,07303.59253,E,0.432,,050623,,,A*7C
$GPVTG,,T,,M,0.432,N,0.801,K,A*2F
$GPGGA,110400.00,3334.75885,N,07303.59253,E,1,06,1.44,517.7,M,-40.6,M,,*7B
$GPGSA,A,3,16,18,10,29,15,23,,,,,,,2.68,1.44,2.26*08
$GPGSV,4,1,13,05,05,059,,10,34,260,35,13,21,044,,15,50,059,27*7F
$GPGSV,4,2,13,16,13,287,26,18,66,007,35,23,63,297,30,24,13,124,*71
$GPGSV,4,3,13,26,09,256,,27,15,319,,29,37,164,19,32,04,203,20*78
$GPGSV,4,4,13,40,46,210,36*4B
$GPGLL,3334.75885,N,07303.59253,E,110400.00,A,A*62
$GPRMC,110401.00,A,3334.75907,N,07303.59244,E,0.2Recv data: 74,,050623,,,A*74
$GPVTG,,T,,M,0.274,N,0.508,K,A*2F
$GPGGA,110401.00,3334.75907,N,07303.59244,E,1,06,1.44,517.7,M,-40.6,M,,*77
$GPGSA,A,3,16,18,10,29,15,23,,,,,,,2.68,1.44,2.26*08
$GPGSV,4,1,13,05,05,059,,10,34,260,35,13,21,044,,15,50,059,26*7E
$GPGSV,4,2,13,16,13,287,26,18,66,007,35,23,63,297,30,24,13,124,*71
$GPGSV,4,3,13,26,09,256,18,27,15,319,,29,37,164,19,32,04,203,20*71
$GPGSV,4,4,13,40,46,210,36*4B
$GPGLL,3334.75907,N,07303.59244,E,110401.00,A,A*6E
$GPRMC,110402.00,A,3334.75900,N,07303.59250,E,0.350,,050623,,,A*72
$GPVTG,,T,,M,0.350,N,0.647,K,A*20
$GPGGA,110402.00,3334.75900,N,07303.59250,E,1,06,1.44,517.8,M,-40.6,M,,*79
$GPGSA,A,3,16,18,10,29,15,23,,,,,,,2.68,1.44,2.26*08
$GPGSV,4,1,13,05,05,059,,10,34,260,35,13,21,044,,15,50,059,26*7E
$GPGSV,4,2,13,16,13,287,25,18,66,007,34,23,63,297,30,24,13,124,*73
$GPGSV,4,3,13,26,09,256,19,27,15,319,21,29,37,164,19,32,04,203,20*73
$GPGSV,4,4,13,40,46,210,36*4B
$GPGLL,3334.75900,N,07303.59250,E,110402.00,A,A*6F
$GPRMC,110403.00,A,3334.75913,N,073Recv data: 03.59245,E,0.223,,050623,,,A*70
$GPVTG,,T,,M,0.223,N,0.412,K,A*27
$GPGGA,110403.00,3334.75913,N,07303.59245,E,1,06,1.44,517.8,M,-40.6,M,,*7E
$GPGSA,A,3,16,18,10,29,15,23,,,,,,,2.68,1.44,2.26*08
$GPGSV,4,1,13,05,05,059,,10,34,260,35,13,21,044,,15,50,059,26*7E
$GPGSV,4,2,13,16,13,287,25,18,66,007,35,23,63,297,30,24,13,124,*72
$GPGSV,4,3,13,26,09,256,18,27,15,319,21,29,37,164,18,32,04,203,21*72
$GPGSV,4,4,13,40,46,210,36*4B
$GPGLL,3334.75913,N,07303.59245,E,110403.00,A,A*68
$GPRMC,110404.00,A,3334.75932,N,07303.59244,E,0.262,,050623,,,A*70
$GPVTG,,T,,M,0.262,N,0.485,K,A*2C
$GPGGA,110404.00,3334.75932,N,07303.59244,E,1,07,1.43,517.8,M,-40.6,M,,*7D
$GPGSA,A,3,16,18,10,29,26,15,23,,,,,,2.50,1.43,2.04*00
$GPGSV,4,1,13,05,05,059,,10,34,260,35,13,21,044,,15,50,059,26*7E
$GPGSV,4,2,13,16,13,287,25,18,66,007,35,23,63,297,30,24,13,124,*72
$GPGSV,4,3,13,26,09,256,18,27,15,319,21,29,37,164,18,32,04,203,21*72
$GPGSV,4,4,13,40,46,210,36*4B
$GPGLL,3334.75932,N,07303.59244,E,110404.00,A,A*6D
$GPRMC,110405.00,Recv data: A,3334.75949,N,07303.59219,E,0.060,,050623,,,A*75
$GPVTG,,T,,M,0.060,N,0.111,K,A*24
$GPGGA,110405.00,3334.75949,N,07303.59219,E,1,07,1.43,517.9,M,-40.6,M,,*79
$GPGSA,A,3,16,18,10,29,26,15,23,,,,,,2.50,1.43,2.04*00
$GPGSV,4,1,13,05,05,059,,10,34,260,34,13,21,044,,15,50,059,26*7F
$GPGSV,4,2,13,16,13,287,25,18,66,007,34,23,63,297,30,24,13,124,*73
$GPGSV,4,3,13,26,09,256,18,27,15,319,22,29,37,164,18,32,04,203,22*72
$GPGSV,4,4,13,40,46,210,36*4B
$GPGLL,3334.75949,N,07303.59219,E,110405.00,A,A*68
$GPRMC,110406.00,A,3334.75972,N,07303.59231,E,0.354,,050623,,,A*70
$GPVTG,,T,,M,0.354,N,0.657,K,A*25
$GPGGA,110406.00,3334.75972,N,07303.59231,E,1,07,1.44,518.0,M,-40.6,M,,*79
$GPGSA,A,3,16,18,10,29,26,15,23,,,,,,2.68,1.44,2.26*0C
$GPGSV,4,1,13,05,05,059,,10,34,260,35,13,21,044,,15,50,059,25*7D
$GPGSV,4,2,13,16,13,287,25,18,66,007,34,23,63,297,30,24,13,124,*73
$GPGSV,4,3,13,26,09,256,17,27,15,319,21,29,37,164,18,32,04,203,22*7E
$GPGSV,4,4,13,40,46,210,36*4B
$GPGLL,3334.75972,N,07303.59231,E,110406.00,A,A*6Recv data: 9
$GPRMC,110407.00,A,3334.75989,N,07303.59224,E,0.302,,050623,,,A*72
$GPVTG,,T,,M,0.302,N,0.559,K,A*2B
$GPGGA,110407.00,3334.75989,N,07303.59224,E,1,07,1.43,518.1,M,-40.6,M,,*7E
$GPGSA,A,3,16,18,10,29,26,15,23,,,,,,2.50,1.43,2.04*00
$GPGSV,4,1,13,05,05,059,,10,34,260,35,13,21,044,,15,50,059,26*7E
$GPGSV,4,2,13,16,13,287,25,18,66,007,34,23,63,297,30,24,13,124,*73
$GPGSV,4,3,13,26,09,256,16,27,15,319,21,29,37,164,17,32,04,203,22*70
$GPGSV,4,4,13,40,46,210,36*4B
$GPGLL,3334.75989,N,07303.59224,E,110407.00,A,A*68
$GPRMC,110408.00,A,3334.75984,N,07303.59209,E,0.113,,050623,,,A*7D
$GPVTG,,T,,M,0.113,N,0.210,K,A*23
$GPGGA,110408.00,3334.75984,N,07303.59209,E,1,07,1.43,518.1,M,-40.6,M,,*73
$GPGSA,A,3,16,18,10,29,26,15,23,,,,,,2.50,1.43,2.04*00
$GPGSV,4,1,13,05,05,059,,10,34,260,35,13,21,044,,15,50,059,26*7E
$GPGSV,4,2,13,16,13,287,25,18,66,007,34,23,63,297,30,24,13,124,*73
$GPGSV,4,3,13,26,09,256,17,27,15,319,21,29,37,164,17,32,04,203,23*70
$GPGSV,4,4,13,40,46,210,36*4B
$GPGLL,3334.75984,N,07303.592Recv data: 09,E,110408.00,A,A*65
$GPRMC,110409.00,A,3334.75989,N,07303.59202,E,0.194,,050623,,,A*75
$GPVTG,,T,,M,0.194,N,0.359,K,A*20
$GPGGA,110409.00,3334.75989,N,07303.59202,E,1,07,1.43,518.2,M,-40.6,M,,*77
$GPGSA,A,3,16,18,10,29,26,15,23,,,,,,2.50,1.43,2.04*00
$GPGSV,4,1,13,05,05,059,,10,34,260,35,13,21,044,,15,50,059,25*7D
$GPGSV,4,2,13,16,13,287,26,18,66,007,34,23,63,297,30,24,13,124,*70
$GPGSV,4,3,13,26,09,256,17,27,15,319,21,29,37,164,17,32,04,203,22*71
$GPGSV,4,4,13,40,46,210,36*4B
$GPGLL,3334.75989,N,07303.59202,E,110409.00,A,A*62
$GPRMC,110410.00,A,3334.75970,N,07303.59211,E,0.530,,050623,,,A*73
$GPVTG,,T,,M,0.530,N,0.982,K,A*26
$GPGGA,110410.00,3334.75970,N,07303.59211,E,1,07,1.43,518.2,M,-40.6,M,,*7B
$GPGSA,A,3,16,18,10,29,26,15,23,,,,,,2.50,1.43,2.04*00
$GPGSV,4,1,13,05,05,059,,10,34,260,34,13,21,044,,15,50,059,25*7C
$GPGSV,4,2,13,16,13,287,26,18,66,007,34,23,63,297,30,24,13,124,*70
$GPGSV,4,3,13,26,09,256,19,27,15,319,21,29,37,164,17,32,04,203,22*7F
$GPGSV,4,4,13,40,46,210,36*4B
$GPGLL,33Recv data: 34.75970,N,07303.59211,E,110410.00,A,A*6E
$GPRMC,110411.00,A,3334.75934,N,07303.59234,E,0.910,,050623,,,A*7B
$GPVTG,,T,,M,0.910,N,1.686,K,A*22
$GPGGA,110411.00,3334.75934,N,07303.59234,E,1,07,1.43,518.3,M,-40.6,M,,*7C
$GPGSA,A,3,16,18,10,29,26,15,23,,,,,,2.50,1.43,2.04*00
$GPGSV,4,1,13,05,05,059,,10,34,260,34,13,21,044,,15,50,059,25*7C
$GPGSV,4,2,13,16,13,287,25,18,66,007,34,23,63,297,30,24,13,124,*73
$GPGSV,4,3,13,26,09,256,18,27,15,319,21,29,37,164,17,32,04,203,22*7E
$GPGSV,4,4,13,40,46,210,36*4B
$GPGLL,3334.75934,N,07303.59234,E,110411.00,A,A*68
$GPRMC,110412.00,A,3334.75886,N,07303.59266,E,1.264,,050623,,,A*7E
$GPVTG,,T,,M,1.264,N,2.342,K,A*25
$GPGGA,110412.00,3334.75886,N,07303.59266,E,1,07,1.43,518.3,M,-40.6,M,,*70
$GPGSA,A,3,16,18,10,29,26,15,23,,,,,,2.50,1.43,2.04*00
$GPGSV,4,1,13,05,05,059,,10,34,260,34,13,21,044,,15,50,059,25*7C
$GPGSV,4,2,13,16,13,287,25,18,66,007,34,23,63,297,30,24,13,124,*73
$GPGSV,4,3,13,26,09,256,19,27,15,319,21,29,37,164,16,32,04,203,21*7D
$GPGSV,4,4,13,40,46,Recv data: 210,36*4B
$GPGLL,3334.75886,N,07303.59266,E,110412.00,A,A*64
$GPRMC,110413.00,A,3334.75875,N,07303.59278,E,1.110,,050623,,,A*7C
$GPVTG,,T,,M,1.110,N,2.055,K,A*20
$GPGGA,110413.00,3334.75875,N,07303.59278,E,1,07,1.43,518.3,M,-40.6,M,,*72
$GPGSA,A,3,16,18,10,29,26,15,23,,,,,,2.49,1.43,2.04*08
$GPGSV,4,1,13,05,05,059,,10,34,260,34,13,21,044,,15,50,059,25*7C
$GPGSV,4,2,13,16,13,287,26,18,66,007,34,23,63,297,30,24,13,124,*70
$GPGSV,4,3,13,26,09,256,19,27,15,319,22,29,37,164,17,32,04,203,21*7F
$GPGSV,4,4,13,40,46,210,36*4B
$GPGLL,3334.75875,N,07303.59278,E,110413.00,A,A*66
$GPRMC,110414.00,A,3334.75839,N,07303.59315,E,1.320,,050623,,,A*78
$GPVTG,,T,,M,1.320,N,2.445,K,A*24
$GPGGA,110414.00,3334.75839,N,07303.59315,E,1,07,1.43,518.3,M,-40.6,M,,*77
$GPGSA,A,3,16,18,10,29,26,15,23,,,,,,2.49,1.43,2.04*08
$GPGSV,4,1,13,05,05,059,,10,34,260,34,13,21,044,,15,50,059,26*7F
$GPGSV,4,2,13,16,13,287,25,18,66,007,34,23,63,297,30,24,13,124,*73
$GPGSV,4,3,13,26,09,256,18,27,15,319,22,29,37,164,17,32,04,203,21*7E
