ets Jun  8 2016 00:22:57

rst:0x1 (POWERON_RESET),boot:0x13 (SPI_FAST_FLASH_BOOT)
configsip: 0, SPIWP:0xee
clk_drv:0x00,q_drv:0x00,d_drv:0x00,cs0_drv:0x00,hd_drv:0x00,wp_drv:0x00
mode:DIO, clock div:2
load:0x3fff0030,len:7132
ho 0 tail 12 room 4
load:0x40078000,len:15672
ho 0 tail 12 room 4
load:0x40080400,len:4
load:0x40080404,len:3884
entry 0x40080650
[0;32mI (32) boot: ESP-IDF v5.2-dev-917-g37d11ea04d-dirty 2nd stage bootloader[0m
[0;32mI (32) boot: compile time Jun  5 2023 14:11:10[0m
[0;32mI (34) boot: Multicore bootloader[0m
[0;32mI (38) boot: chip revision: v1.0[0m
[0;32mI (42) boot.esp32: SPI Speed      : 40MHz[0m
[0;32mI (47) boot.esp32: SPI Mode       : DIO[0m
[0;32mI (51) boot.esp32: SPI Flash Size : 2MB[0m
[0;32mI (56) boot: Enabling RNG early entropy source...[0m
[0;32mI (61) boot: Partition Table:[0m
[0;32mI (65) boot: ## Label            Usage          Type ST Offset   Length[0m
[0;32mI (72) boot:  0 nvs              WiFi data        01 02 00009000 00006000[0m
[0;32mI (80) boot:  1 phy_init         RF data          01 01 0000f000 00001000[0m
[0;32mI (87) boot:  2 factory          factory app      00 00 00010000 00100000[0m
[0;32mI (95) boot: End of partition table[0m
[0;32mI (99) esp_image: segment 0: paddr=00010020 vaddr=3f400020 size=0a558h ( 42328) map[0m
[0;32mI (123) esp_image: segment 1: paddr=0001a580 vaddr=3ffb0000 size=02148h (  8520) load[0m
[0;32mI (126) esp_image: segment 2: paddr=0001c6d0 vaddr=40080000 size=03948h ( 14664) load[0m
[0;32mI (134) esp_image: segment 3: paddr=00020020 vaddr=400d0020 size=164c8h ( 91336) map[0m
[0;32mI (170) esp_image: segment 4: paddr=000364f0 vaddr=40083948 size=09358h ( 37720) load[0m
[0;32mI (192) boot: Loaded app from partition at offset 0x10000[0m
[0;32mI (192) boot: Disabling RNG early entropy source...[0m
[0;32mI (204) cpu_start: Multicore app[0m
[0;32mI (204) cpu_start: Pro cpu up.[0m
[0;32mI (204) cpu_start: Starting app cpu, entry point is 0x40081104[0m
[0;32mI (0) cpu_start: App cpu up.[0m
[0;32mI (222) cpu_start: Pro cpu start user code[0m
[0;32mI (222) cpu_start: cpu freq: 160000000 Hz[0m
[0;32mI (222) cpu_start: Application information:[0m
[0;32mI (227) cpu_start: Project name:     GPS_task[0m
[0;32mI (232) cpu_start: App version:      619d424-dirty[0m
[0;32mI (237) cpu_start: Compile time:     Jun  5 2023 14:11:02[0m
[0;32mI (243) cpu_start: ELF file SHA256:  80bfd4ea5...[0m
[0;32mI (249) cpu_start: ESP-IDF:          v5.2-dev-917-g37d11ea04d-dirty[0m
[0;32mI (256) cpu_start: Min chip rev:     v0.0[0m
[0;32mI (260) cpu_start: Max chip rev:     v3.99 [0m
[0;32mI (265) cpu_start: Chip rev:         v1.0[0m
[0;32mI (270) heap_init: Initializing. RAM available for dynamic allocation:[0m
[0;32mI (277) heap_init: At 3FFAE6E0 len 00001920 (6 KiB): DRAM[0m
[0;32mI (283) heap_init: At 3FFB29B8 len 0002D648 (181 KiB): DRAM[0m
[0;32mI (290) heap_init: At 3FFE0440 len 00003AE0 (14 KiB): D/IRAM[0m
[0;32mI (296) heap_init: At 3FFE4350 len 0001BCB0 (111 KiB): D/IRAM[0m
[0;32mI (302) heap_init: At 4008CCA0 len 00013360 (76 KiB): IRAM[0m
[0;32mI (310) spi_flash: detected chip: generic[0m
[0;32mI (313) spi_flash: flash io: dio[0m
[0;33mW (317) spi_flash: Detected size(4096k) larger than the size in the binary image header(2048k). Using the size in the binary image header.[0m
[0;32mI (331) app_start: Starting scheduler on CPU0[0m
[0;32mI (335) app_start: Starting scheduler on CPU1[0m
[0;32mI (335) main_task: Started on CPU0[0m
[0;32mI (345) main_task: Calling app_main()[0m
[0;32mI (345) main_task: Returned from app_main()[0m
Recv data: &)ï¿½bï¿½ï¿½bï¿½ï¿½bï¿½ï¿½ï¿½bbï¿½ï¿½bï¿½ï¿½bï¿½ï¿½ï¿½bï¿½ï¿½bï¿½ï¿½bï¿½ï¿½bï¿½ï¿½ï¿½bbï¿½ï¿½bï¿½ï¿½bï¿½ï¿½ï¿½bï¿½ï¿½Rï¿½*5
$GPGLL,3334.76343,N,07303.58946,E,102838.00,A,A*6A
$GPRMC,102839.00,A,3334.76348,N,07303.58943,E,0.395,,050623,,,A*71
$GPVTG,,T,,M,0.395,N,0.731,K,A*29
$GPGGA,102839.00,3334.76348,N,07303.58943,E,1,06,2.07,518.6,M,-40.6,M,,*76
$GPGSA,A,3,18,23,26,16,10,29,,,,,,,3.34,2.07,2.62*04
$GPGSV,3,1,12,05,17,051,16,10,23,245,35,13,31,057,22,15,58,086,21*7B
$GPGSV,3,2,12,16,13,303,28,18,57,337,26,23,56,265,21,24,04,136,*7A
$GPGSV,3,3,12,25,01,189,,26,15,270,12,27,01,322,,29,55,159,23*7A
$GPGLL,3334.76348,N,07303.58943,E,102839.00,A,A*65
$GPRMC,102840.00,A,3334.76345,N,07303.58935,E,0.364,,050623,,,A*7D
$GPVTG,,T,,M,0.364,N,0.674,K,A*27
$GPGGA,102840.00,3334.76345,N,07303.58935,E,1,06,2.07,518.5,M,-40.6,M,,*77
$GPGSA,A,3,18,23,26,16,10,29,,,,,,,3.34,2.07,2.62*04
$GPGSV,3,1,12,05,17,051,,10,23,245,35,13,31,057,23,15,58,086,21*7D
$GPGSV,3,2,12,16,13,303,28,18,57,337,27,23,56,265,20,24,04,136,*7A
$GPGSV,3,3,12,25,01,189,,26,15,270,13,27,01,322,,29,55,159Recv data: ,23*7B
$GPGLL,3334.76345,N,07303.58935,E,102840.00,A,A*67
$GPRMC,102841.00,A,3334.76357,N,07303.58931,E,0.391,,050623,,,A*71
$GPVTG,,T,,M,0.391,N,0.725,K,A*28
$GPGGA,102841.00,3334.76357,N,07303.58931,E,1,06,2.07,518.6,M,-40.6,M,,*72
$GPGSA,A,3,18,23,26,16,10,29,,,,,,,3.34,2.07,2.62*04
$GPGSV,3,1,12,05,17,051,17,10,23,245,35,13,31,057,23,15,58,086,21*7B
$GPGSV,3,2,12,16,13,303,28,18,57,337,27,23,56,265,19,24,04,136,*70
$GPGSV,3,3,12,25,01,189,,26,15,270,14,27,01,322,,29,55,159,23*7C
$GPGLL,3334.76357,N,07303.58931,E,102841.00,A,A*61
$GPRMC,102842.00,A,3334.76330,N,07303.58913,E,0.441,,050623,,,A*79
$GPVTG,,T,,M,0.441,N,0.817,K,A*2C
$GPGGA,102842.00,3334.76330,N,07303.58913,E,1,06,2.07,518.6,M,-40.6,M,,*70
$GPGSA,A,3,18,23,26,16,10,29,,,,,,,3.34,2.07,2.62*04
$GPGSV,3,1,12,05,17,051,17,10,23,245,35,13,31,057,23,15,58,086,21*7B
$GPGSV,3,2,12,16,13,303,29,18,57,337,27,23,56,265,19,24,04,136,*71
$GPGSV,3,3,12,25,01,189,,26,15,270,13,27,01,322,,29,55,159,23*7B
$GPGLL,3334.76330,N,07303.58913,E,1028Recv data: 42.00,A,A*63
$GPRMC,102843.00,A,3334.76362,N,07303.58949,E,1.343,,050623,,,A*74
$GPVTG,,T,,M,1.343,N,2.488,K,A*20
$GPGGA,102843.00,3334.76362,N,07303.58949,E,1,06,2.07,518.5,M,-40.6,M,,*7A
$GPGSA,A,3,18,23,26,16,10,29,,,,,,,3.34,2.07,2.62*04
$GPGSV,3,1,12,05,17,051,18,10,23,245,39,13,31,057,23,15,58,086,20*79
$GPGSV,3,2,12,16,13,303,29,18,57,337,28,23,56,265,19,24,04,136,*7E
$GPGSV,3,3,12,25,01,189,,26,15,270,14,27,01,322,,29,55,159,23*7C
$GPGLL,3334.76362,N,07303.58949,E,102843.00,A,A*6A
$GPRMC,102844.00,A,3334.76351,N,07303.58949,E,1.315,,050623,,,A*70
$GPVTG,,T,,M,1.315,N,2.436,K,A*26
$GPGGA,102844.00,3334.76351,N,07303.58949,E,1,06,2.07,518.6,M,-40.6,M,,*7E
$GPGSA,A,3,18,23,26,16,10,29,,,,,,,3.34,2.07,2.62*04
$GPGSV,3,1,12,05,17,051,17,10,23,245,41,13,31,057,23,15,58,086,20*79
$GPGSV,3,2,12,16,13,303,29,18,57,337,28,23,56,265,16,24,04,136,*71
$GPGSV,3,3,12,25,01,189,,26,15,270,15,27,01,322,,29,55,159,23*7D
$GPGLL,3334.76351,N,07303.58949,E,102844.00,A,A*6D
$GPRMC,102845.00,A,3334.76341,N,Recv data: 07303.58944,E,0.892,,050623,,,A*78
$GPVTG,,T,,M,0.892,N,1.653,K,A*21
$GPGGA,102845.00,3334.76341,N,07303.58944,E,1,07,1.21,518.6,M,-40.6,M,,*75
$GPGSA,A,3,18,23,26,16,10,29,05,,,,,,1.98,1.21,1.56*06
$GPGSV,3,1,12,05,17,051,16,10,23,245,41,13,31,057,24,15,58,086,20*7F
$GPGSV,3,2,12,16,13,303,29,18,57,337,29,23,56,265,17,24,04,136,*71
$GPGSV,3,3,12,25,01,189,,26,15,270,15,27,01,322,,29,55,159,23*7D
$GPGLL,3334.76341,N,07303.58944,E,102845.00,A,A*60
$GPRMC,102846.00,A,3334.76347,N,07303.58967,E,0.928,,050623,,,A*7C
$GPVTG,,T,,M,0.928,N,1.718,K,A*2F
$GPGGA,102846.00,3334.76347,N,07303.58967,E,1,07,1.21,518.6,M,-40.6,M,,*71
$GPGSA,A,3,18,23,26,16,10,29,05,,,,,,1.98,1.21,1.56*06
$GPGSV,3,1,12,05,17,051,17,10,23,245,41,13,31,057,25,15,58,086,19*75
$GPGSV,3,2,12,16,13,303,30,18,57,337,30,23,56,265,22,24,04,136,*77
$GPGSV,3,3,12,25,01,189,,26,15,270,18,27,01,322,,29,55,159,24*77
$GPGLL,3334.76347,N,07303.58967,E,102846.00,A,A*64
$GPRMC,102847.00,A,3334.76352,N,07303.58965,E,1.027,,050623,,,A*7C
