ets Jun  8 2016 00:22:57

rst:0x1 (POWERON_RESET),boot:0x13 (SPI_FAST_FLASH_BOOT)
configsip: 0, SPIWP:0xee
clk_drv:0x00,q_drv:0x00,d_drv:0x00,cs0_drv:0x00,hd_drv:0x00,wp_drv:0x00
mode:DIO, clock div:2
load:0x3fff0030,len:7132
ho 0 tail 12 room 4
load:0x40078000,len:15672
ho 0 tail 12 room 4
load:0x40080400,len:4
load:0x40080404,len:3884
entry 0x40080650
[0;32mI (32) boot: ESP-IDF v5.2-dev-917-g37d11ea04d-dirty 2nd stage bootloader[0m
[0;32mI (32) boot: compile time Jun  5 2023 14:11:10[0m
[0;32mI (34) boot: Multicore bootloader[0m
[0;32mI (38) boot: chip revision: v1.0[0m
[0;32mI (42) boot.esp32: SPI Speed      : 40MHz[0m
[0;32mI (47) boot.esp32: SPI Mode       : DIO[0m
[0;32mI (51) boot.esp32: SPI Flash Size : 2MB[0m
[0;32mI (56) boot: Enabling RNG early entropy source...[0m
[0;32mI (61) boot: Partition Table:[0m
[0;32mI (65) boot: ## Label            Usage          Type ST Offset   Length[0m
[0;32mI (72) boot:  0 nvs              WiFi data        01 02 00009000 00006000[0m
[0;32mI (80) boot:  1 phy_init         RF data          01 01 0000f000 00001000[0m
[0;32mI (87) boot:  2 factory          factory app      00 00 00010000 00100000[0m
[0;32mI (95) boot: End of partition table[0m
[0;32mI (99) esp_image: segment 0: paddr=00010020 vaddr=3f400020 size=0a558h ( 42328) map[0m
[0;32mI (123) esp_image: segment 1: paddr=0001a580 vaddr=3ffb0000 size=02148h (  8520) load[0m
[0;32mI (126) esp_image: segment 2: paddr=0001c6d0 vaddr=40080000 size=03948h ( 14664) load[0m
[0;32mI (135) esp_image: segment 3: paddr=00020020 vaddr=400d0020 size=164c8h ( 91336) map[0m
[0;32mI (170) esp_image: segment 4: paddr=000364f0 vaddr=40083948 size=09358h ( 37720) load[0m
[0;32mI (192) boot: Loaded app from partition at offset 0x10000[0m
[0;32mI (192) boot: Disabling RNG early entropy source...[0m
[0;32mI (204) cpu_start: Multicore app[0m
[0;32mI (204) cpu_start: Pro cpu up.[0m
[0;32mI (204) cpu_start: Starting app cpu, entry point is 0x40081104[0m
[0;32mI (0) cpu_start: App cpu up.[0m
[0;32mI (222) cpu_start: Pro cpu start user code[0m
[0;32mI (222) cpu_start: cpu freq: 160000000 Hz[0m
[0;32mI (222) cpu_start: Application information:[0m
[0;32mI (227) cpu_start: Project name:     GPS_task[0m
[0;32mI (232) cpu_start: App version:      619d424-dirty[0m
[0;32mI (237) cpu_start: Compile time:     Jun  5 2023 14:11:02[0m
[0;32mI (243) cpu_start: ELF file SHA256:  80bfd4ea5...[0m
[0;32mI (249) cpu_start: ESP-IDF:          v5.2-dev-917-g37d11ea04d-dirty[0m
[0;32mI (256) cpu_start: Min chip rev:     v0.0[0m
[0;32mI (260) cpu_start: Max chip rev:     v3.99 [0m
[0;32mI (265) cpu_start: Chip rev:         v1.0[0m
[0;32mI (270) heap_init: Initializing. RAM available for dynamic allocation:[0m
[0;32mI (277) heap_init: At 3FFAE6E0 len 00001920 (6 KiB): DRAM[0m
[0;32mI (283) heap_init: At 3FFB29B8 len 0002D648 (181 KiB): DRAM[0m
[0;32mI (290) heap_init: At 3FFE0440 len 00003AE0 (14 KiB): D/IRAM[0m
[0;32mI (296) heap_init: At 3FFE4350 len 0001BCB0 (111 KiB): D/IRAM[0m
[0;32mI (302) heap_init: At 4008CCA0 len 00013360 (76 KiB): IRAM[0m
[0;32mI (310) spi_flash: detected chip: generic[0m
[0;32mI (313) spi_flash: flash io: dio[0m
[0;33mW (317) spi_flash: Detected size(4096k) larger than the size in the binary image header(2048k). Using the size in the binary image header.[0m
[0;32mI (331) app_start: Starting scheduler on CPU0[0m
[0;32mI (335) app_start: Starting scheduler on CPU1[0m
[0;32mI (335) main_task: Started on CPU0[0m
[0;32mI (345) main_task: Calling app_main()[0m
[0;32mI (345) main_task: Returned from app_main()[0m
Recv data: L)Ê¢bï¿½ï¿½bï¿½ï¿½bï¿½ï¿½bï¿½ï¿½ï¿½bbï¿½ï¿½bï¿½ï¿½bï¿½ï¿½ï¿½bï¿½ï¿½Rï¿½25
$GPGSV,4,4,13,40,50,196,31*46
$GPGLL,3334.76342,N,07303.58088,E,100933.00,A,A*68
$GPRMC,100934.00,A,3334.76400,N,07303.57948,E,1.459,,050623,,,A*76
$GPVTG,,T,,M,1.459,N,2.703,K,A*2C
$GPGGA,100934.00,3334.76400,N,07303.57948,E,1,06,3.81,519.2,M,-40.6,M,,*7D
$GPGSA,A,3,18,23,26,25,10,05,,,,,,,5.21,3.81,3.56*01
$GPGSV,4,1,13,05,23,047,10,10,17,239,34,13,34,067,,15,57,104,17*71
$GPGSV,4,2,13,16,12,311,08,18,52,325,27,20,02,057,,23,50,253,29*74
$GPGSV,4,3,13,24,00,142,,25,06,194,17,26,18,279,16,29,65,154,21*7B
$GPGSV,4,4,13,40,50,196,30*47
$GPGLL,3334.76400,N,07303.57948,E,100934.00,A,A*64
$GPRMC,100935.00,A,3334.76232,N,07303.58033,E,1.982,,050623,,,A*71
$GPVTG,,T,,M,1.982,N,3.670,K,A*23
$GPGGA,100935.00,3334.76232,N,07303.58033,E,1,06,1.14,519.2,M,-40.6,M,,*7F
$GPGSA,A,3,18,23,25,16,10,05,,,,,,,2.01,1.14,1.65*0B
$GPGSV,4,1,13,05,23,047,10,10,17,239,34,13,34,067,,15,57,104,18*7E
$GPGSV,4,2,13,16,12,311,10,18,52,325,28,20,02,057,,23,50,253,29*72
$GPGSV,4,3,13,2Recv data: 4,00,142,,25,06,194,19,26,18,279,15,29,65,154,21*76
$GPGSV,4,4,13,40,50,196,30*47
$GPGLL,3334.76232,N,07303.58033,E,100935.00,A,A*68
$GPRMC,100936.00,A,3334.76147,N,07303.57910,E,3.560,,050623,,,A*76
$GPVTG,,T,,M,3.560,N,6.593,K,A*2A
$GPGGA,100936.00,3334.76147,N,07303.57910,E,1,06,1.14,519.3,M,-40.6,M,,*7B
$GPGSA,A,3,18,23,25,16,10,05,,,,,,,2.01,1.14,1.65*0B
$GPGSV,4,1,13,05,23,047,13,10,17,239,34,13,34,067,,15,57,104,18*7D
$GPGSV,4,2,13,16,12,311,11,18,52,325,28,20,02,057,,23,50,253,30*7B
$GPGSV,4,3,13,24,00,142,,25,06,194,19,26,18,279,,29,65,154,22*71
$GPGSV,4,4,13,40,50,196,30*47
$GPGLL,3334.76147,N,07303.57910,E,100936.00,A,A*6D
$GPRMC,100937.00,A,3334.76047,N,07303.57823,E,4.121,,050623,,,A*71
$GPVTG,,T,,M,4.121,N,7.632,K,A*25
$GPGGA,100937.00,3334.76047,N,07303.57823,E,1,06,1.14,519.4,M,-40.6,M,,*7D
$GPGSA,A,3,18,23,25,16,10,05,,,,,,,2.01,1.14,1.65*0B
$GPGSV,4,1,13,05,23,047,13,10,17,239,34,13,34,067,,15,57,104,19*7C
$GPGSV,4,2,13,16,12,311,12,18,52,325,28,20,02,057,,23,50,253,29*70
$Recv data: GPGSV,4,3,13,24,00,142,,25,06,194,19,26,18,279,,29,65,154,22*71
$GPGSV,4,4,13,40,50,196,30*47
$GPGLL,3334.76047,N,07303.57823,E,100937.00,A,A*6C
$GPRMC,100938.00,A,3334.75904,N,07303.57743,E,4.471,,050623,,,A*7A
$GPVTG,,T,,M,4.471,N,8.281,K,A*26
$GPGGA,100938.00,3334.75904,N,07303.57743,E,1,06,1.14,519.5,M,-40.6,M,,*77
$GPGSA,A,3,18,23,25,16,10,05,,,,,,,2.01,1.14,1.65*0B
$GPGSV,4,1,13,05,23,047,13,10,17,239,34,13,34,067,,15,57,104,19*7C
$GPGSV,4,2,13,16,12,311,13,18,52,325,28,20,02,057,,23,50,253,29*71
$GPGSV,4,3,13,24,00,142,18,25,06,194,19,26,18,279,,29,65,154,22*78
$GPGSV,4,4,13,40,50,196,30*47
$GPGLL,3334.75904,N,07303.57743,E,100938.00,A,A*67
$GPRMC,100939.00,A,3334.75773,N,07303.57574,E,5.112,142.75,050623,,,A*69
$GPVTG,142.75,T,,M,5.112,N,9.467,K,A*33
$GPGGA,100939.00,3334.75773,N,07303.57574,E,1,06,1.14,519.7,M,-40.6,M,,*7C
$GPGSA,A,3,18,23,25,16,10,05,,,,,,,2.01,1.14,1.65*0B
$GPGSV,4,1,13,05,23,047,13,10,17,239,34,13,34,067,,15,57,104,18*7D
$GPGSV,4,2,13,16,12,311,12,18,52,325,28,20,Recv data: 02,057,,23,50,253,29*70
$GPGSV,4,3,13,24,00,142,16,25,06,194,18,26,18,279,,29,65,154,22*77
$GPGSV,4,4,13,40,50,196,29*4F
$GPGLL,3334.75773,N,07303.57574,E,100939.00,A,A*6E
$GPRMC,100940.00,A,3334.75667,N,07303.57471,E,5.329,155.73,050623,,,A*6D
$GPVTG,155.73,T,,M,5.329,N,9.869,K,A*3B
$GPGGA,100940.00,3334.75667,N,07303.57471,E,1,06,1.14,519.8,M,-40.6,M,,*7D
$GPGSA,A,3,18,23,25,16,10,05,,,,,,,2.01,1.14,1.65*0B
$GPGSV,4,1,13,05,23,047,11,10,17,239,34,13,34,067,,15,57,104,18*7F
$GPGSV,4,2,13,16,12,311,11,18,52,325,27,20,02,057,,23,50,253,28*7D
$GPGSV,4,3,13,24,00,142,,25,06,194,17,26,18,279,,29,65,154,22*7F
$GPGSV,4,4,13,40,50,196,29*4F
$GPGLL,3334.75667,N,07303.57471,E,100940.00,A,A*60
$GPRMC,100941.00,A,3334.75599,N,07303.57335,E,5.237,166.04,050623,,,A*67
$GPVTG,166.04,T,,M,5.237,N,9.699,K,A*34
$GPGGA,100941.00,3334.75599,N,07303.57335,E,1,06,1.14,519.9,M,-40.6,M,,*78
$GPGSA,A,3,18,23,25,16,10,05,,,,,,,2.01,1.14,1.65*0B
$GPGSV,4,1,13,05,23,047,11,10,17,239,35,13,34,067,,15,57,104,19*7F
$GPGSRecv data: V,4,2,13,16,12,311,10,18,52,325,28,20,02,057,,23,50,253,29*72
$GPGSV,4,3,13,24,00,142,,25,06,194,17,26,18,279,,29,65,154,23*7E
$GPGSV,4,4,13,40,50,196,30*47
$GPGLL,3334.75599,N,07303.57335,E,100941.00,A,A*64
$GPRMC,100942.00,A,3334.75540,N,07303.57163,E,5.288,175.05,050623,,,A*66
$GPVTG,175.05,T,,M,5.288,N,9.793,K,A*38
$GPGGA,100942.00,3334.75540,N,07303.57163,E,1,06,1.14,520.0,M,-40.6,M,,*7D
$GPGSA,A,3,18,23,25,16,10,05,,,,,,,2.01,1.14,1.65*0B
$GPGSV,4,1,13,05,23,047,12,10,17,239,36,13,34,067,,15,57,104,19*7F
$GPGSV,4,2,13,16,12,311,13,18,52,325,28,20,02,057,,23,50,253,29*71
$GPGSV,4,3,13,24,00,142,,25,06,194,16,26,18,279,,29,65,154,23*7F
$GPGSV,4,4,13,40,50,196,30*47
$GPGLL,3334.75540,N,07303.57163,E,100942.00,A,A*62
$GPRMC,100943.00,A,3334.75622,N,07303.56747,E,5.679,186.27,050623,,,A*67
$GPVTG,186.27,T,,M,5.679,N,10.517,K,A*08
$GPGGA,100943.00,3334.75622,N,07303.56747,E,1,06,2.41,520.1,M,-40.6,M,,*78
$GPGSA,A,3,18,23,25,16,10,05,,,,,,,4.11,2.41,3.33*0E
$GPGSV,4,1,13,05,23,047,14,10,17,239Recv data: ,36,13,34,067,,15,57,104,19*79
$GPGSV,4,2,13,16,12,311,13,18,52,325,28,20,02,057,,23,50,253,29*71
$GPGSV,4,3,13,24,00,142,,25,06,194,16,26,18,279,18,29,65,154,23*76
$GPGSV,4,4,13,40,50,196,30*47
$GPGLL,3334.75622,N,07303.56747,E,100943.00,A,A*65
$GPRMC,100944.00,A,3334.75729,N,07303.56226,E,6.766,201.89,050623,,,A*6C
$GPVTG,201.89,T,,M,6.766,N,12.531,K,A*0A
$GPGGA,100944.00,3334.75729,N,07303.56226,E,1,05,2.41,520.3,M,-40.6,M,,*76
$GPGSA,A,3,18,23,25,10,05,,,,,,,,4.11,2.41,3.33*09
$GPGSV,4,1,13,05,23,047,15,10,17,239,35,13,34,067,,15,57,104,18*7A
$GPGSV,4,2,13,16,12,311,,18,52,325,28,20,02,057,,23,50,253,29*73
$GPGSV,4,3,13,24,00,142,,25,06,194,16,26,18,279,,29,65,154,22*7E
$GPGSV,4,4,13,40,50,196,30*47
$GPGLL,3334.75729,N,07303.56226,E,100944.00,A,A*6A
$GPRMC,100945.00,A,3334.75767,N,07303.56161,E,5.707,211.68,050623,,,A*6D
$GPVTG,211.68,T,,M,5.707,N,10.569,K,A*0F
$GPGGA,100945.00,3334.75767,N,07303.56161,E,1,05,3.06,520.4,M,-40.6,M,,*78
$GPGSA,A,3,18,23,25,10,05,,,,,,,,4.90,3.06,3.83*09
$GRecv data: PGSV,4,1,13,05,23,047,15,10,17,239,35,13,34,067,,15,57,104,17*75
$GPGSV,4,2,13,16,12,311,,18,52,325,28,20,02,057,,23,50,253,30*7B
$GPGSV,4,3,13,24,00,142,,25,06,194,16,26,18,279,18,29,65,154,22*77
$GPGSV,4,4,13,40,50,196,30*47
$GPGLL,3334.75767,N,07303.56161,E,100945.00,A,A*61
$GPRMC,100946.00,A,3334.75791,N,07303.56171,E,3.999,216.97,050623,,,A*6E
$GPVTG,216.97,T,,M,3.999,N,7.406,K,A*39
$GPGGA,100946.00,3334.75791,N,07303.56171,E,1,04,3.06,520.5,M,-40.6,M,,*73
$GPGSA,A,3,18,23,25,10,,,,,,,,,4.90,3.06,3.83*0C
$GPGSV,4,1,13,05,23,047,,10,17,239,35,13,34,067,,15,57,104,17*71
$GPGSV,4,2,13,16,12,311,,18,52,325,28,20,02,057,,23,50,253,29*73
$GPGSV,4,3,13,24,00,142,,25,06,194,16,26,18,279,18,29,65,154,21*74
$GPGSV,4,4,13,40,50,196,30*47
$GPGLL,3334.75791,N,07303.56171,E,100946.00,A,A*6A
$GPRMC,100947.00,A,3334.75924,N,07303.56031,E,3.765,224.19,050623,,,A*60
$GPVTG,224.19,T,,M,3.765,N,6.973,K,A*3D
$GPGGA,100947.00,3334.75924,N,07303.56031,E,1,04,3.06,520.5,M,-40.6,M,,*77
$GPGSA,A,3,18,23,25,10,,,,Recv data: ,,,,,4.90,3.06,3.83*0C
$GPGSV,4,1,13,05,23,047,,10,17,239,36,13,34,067,,15,57,104,18*7D
$GPGSV,4,2,13,16,12,311,,18,52,325,28,20,02,057,,23,50,253,29*73
$GPGSV,4,3,13,24,00,142,,25,06,194,14,26,18,279,18,29,65,154,22*75
$GPGSV,4,4,13,40,50,196,29*4F
$GPGLL,3334.75924,N,07303.56031,E,100947.00,A,A*6E
$GPRMC,100948.00,A,3334.76059,N,07303.55912,E,4.438,233.38,050623,,,A*6D
$GPVTG,233.38,T,,M,4.438,N,8.220,K,A*37
$GPGGA,100948.00,3334.76059,N,07303.55912,E,1,04,3.06,520.6,M,-40.6,M,,*70
$GPGSA,A,3,18,23,25,10,,,,,,,,,4.90,3.06,3.83*0C
$GPGSV,4,1,13,05,23,047,,10,17,239,36,13,34,067,,15,57,104,18*7D
$GPGSV,4,2,13,16,12,311,,18,52,325,28,20,02,057,,23,50,253,29*73
$GPGSV,4,3,13,24,00,142,,25,06,194,14,26,18,279,18,29,65,154,22*75
$GPGSV,4,4,13,40,50,196,29*4F
$GPGLL,3334.76059,N,07303.55912,E,100948.00,A,A*6A
$GPRMC,100949.00,A,3334.76202,N,07303.55817,E,5.200,243.19,050623,,,A*6C
$GPVTG,243.19,T,,M,5.200,N,9.630,K,A*3B
$GPGGA,100949.00,3334.76202,N,07303.55817,E,1,04,3.06,520.6,M,-40.6,M,,*79
