ets Jun  8 2016 00:22:57

rst:0x1 (POWERON_RESET),boot:0x13 (SPI_FAST_FLASH_BOOT)
configsip: 0, SPIWP:0xee
clk_drv:0x00,q_drv:0x00,d_drv:0x00,cs0_drv:0x00,hd_drv:0x00,wp_drv:0x00
mode:DIO, clock div:2
load:0x3fff0030,len:7132
ho 0 tail 12 room 4
load:0x40078000,len:15672
ho 0 tail 12 room 4
load:0x40080400,len:4
load:0x40080404,len:3884
entry 0x40080650
[0;32mI (32) boot: ESP-IDF v5.2-dev-917-g37d11ea04d-dirty 2nd stage bootloader[0m
[0;32mI (32) boot: compile time Jun  6 2023 01:00:02[0m
[0;32mI (34) boot: Multicore bootloader[0m
[0;32mI (39) boot: chip revision: v1.0[0m
[0;32mI (42) boot.esp32: SPI Speed      : 40MHz[0m
[0;32mI (47) boot.esp32: SPI Mode       : DIO[0m
[0;32mI (52) boot.esp32: SPI Flash Size : 2MB[0m
[0;32mI (56) boot: Enabling RNG early entropy source...[0m
[0;32mI (61) boot: Partition Table:[0m
[0;32mI (65) boot: ## Label            Usage          Type ST Offset   Length[0m
[0;32mI (72) boot:  0 nvs              WiFi data        01 02 00009000 00006000[0m
[0;32mI (80) boot:  1 phy_init         RF data          01 01 0000f000 00001000[0m
[0;32mI (87) boot:  2 factory          factory app      00 00 00010000 00100000[0m
[0;32mI (95) boot: End of partition table[0m
[0;32mI (99) esp_image: segment 0: paddr=00010020 vaddr=3f400020 size=093dch ( 37852) map[0m
[0;32mI (121) esp_image: segment 1: paddr=00019404 vaddr=3ffb0000 size=020cch (  8396) load[0m
[0;32mI (125) esp_image: segment 2: paddr=0001b4d8 vaddr=40080000 size=04b40h ( 19264) load[0m
[0;32mI (135) esp_image: segment 3: paddr=00020020 vaddr=400d0020 size=1d254h (119380) map[0m
[0;32mI (178) esp_image: segment 4: paddr=0003d27c vaddr=40084b40 size=071e0h ( 29152) load[0m
[0;32mI (197) boot: Loaded app from partition at offset 0x10000[0m
[0;32mI (197) boot: Disabling RNG early entropy source...[0m
[0;32mI (208) cpu_start: Multicore app[0m
[0;32mI (209) cpu_start: Pro cpu up.[0m
[0;32mI (209) cpu_start: Starting app cpu, entry point is 0x40081004[0m
[0;32mI (0) cpu_start: App cpu up.[0m
[0;32mI (227) cpu_start: Pro cpu start user code[0m
[0;32mI (227) cpu_start: cpu freq: 160000000 Hz[0m
[0;32mI (227) cpu_start: Application information:[0m
[0;32mI (232) cpu_start: Project name:     unit_test_test[0m
[0;32mI (237) cpu_start: App version:      31bee7b-dirty[0m
[0;32mI (243) cpu_start: Compile time:     Jun  6 2023 00:59:50[0m
[0;32mI (249) cpu_start: ELF file SHA256:  0bf6ec72e...[0m
[0;32mI (254) cpu_start: ESP-IDF:          v5.2-dev-917-g37d11ea04d-dirty[0m
[0;32mI (261) cpu_start: Min chip rev:     v0.0[0m
[0;32mI (266) cpu_start: Max chip rev:     v3.99 [0m
[0;32mI (270) cpu_start: Chip rev:         v1.0[0m
[0;32mI (275) heap_init: Initializing. RAM available for dynamic allocation:[0m
[0;32mI (283) heap_init: At 3FFAE6E0 len 00001920 (6 KiB): DRAM[0m
[0;32mI (288) heap_init: At 3FFB29F8 len 0002D608 (181 KiB): DRAM[0m
[0;32mI (295) heap_init: At 3FFE0440 len 00003AE0 (14 KiB): D/IRAM[0m
[0;32mI (301) heap_init: At 3FFE4350 len 0001BCB0 (111 KiB): D/IRAM[0m
[0;32mI (308) heap_init: At 4008BD20 len 000142E0 (80 KiB): IRAM[0m
[0;32mI (315) spi_flash: detected chip: generic[0m
[0;32mI (318) spi_flash: flash io: dio[0m
[0;33mW (322) spi_flash: Detected size(4096k) larger than the size in the binary image header(2048k). Using the size in the binary image header.[0m
[0;32mI (336) app_start: Starting scheduler on CPU0[0m
[0;32mI (340) app_start: Starting scheduler on CPU1[0m
[0;32mI (340) main_task: Started on CPU0[0m
[0;32mI (350) main_task: Calling app_main()[0m

#### Running all the registered tests #####

Running GGA Data decoding from NMEA...
Guru Meditation Error: Core  0 panic'ed (StoreProhibited). Exception was unhandled.

Core  0 register dump:
PC      : 0x4000169e  PS      : 0x00060030  A0      : 0x800d0ea7  A1      : 0x3ffb4c00  
A2      : 0x00000000  A3      : 0x3f40019d  A4      : 0xc0bffe64  A5      : 0x0000ff00  
A6      : 0x00ff0000  A7      : 0xff000000  A8      : 0x00000024  A9      : 0x3ffb4bd0  
A10     : 0x00000000  A11     : 0x000000ff  A12     : 0x00000000  A13     : 0x00060023  
A14     : 0xb33fffff  A15     : 0xb33fffff  SAR     : 0x00000004  EXCCAUSE: 0x0000001d  
EXCVADDR: 0x00000000  LBEG    : 0x40001699  LEND    : 0x400016aa  LCOUNT  : 0xffffffff  


Backtrace: 0x4000169b:0x3ffb4c00 0x400d0ea4:0x3ffb4c10 0x400d0f14:0x3ffb4c50 0x400d58ee:0x3ffb4c70 0x400d5a2d:0x3ffb4ca0 0x400d5a9a:0x3ffb4cc0 0x400d5bf3:0x3ffb4ce0 0x400eca55:0x3ffb4d00 0x40087aa1:0x3ffb4d20




ELF file SHA256: 0bf6ec72e

Rebooting...
ets Jun  8 2016 00:22:57

rst:0xc (SW_CPU_RESET),boot:0x13 (SPI_FAST_FLASH_BOOT)
configsip: 0, SPIWP:0xee
clk_drv:0x00,q_drv:0x00,d_drv:0x00,cs0_drv:0x00,hd_drv:0x00,wp_drv:0x00
mode:DIO, clock div:2
load:0x3fff0030,len:7132
ho 0 tail 12 room 4
load:0x40078000,len:15672
ho 0 tail 12 room 4
load:0x40080400,len:4
load:0x40080404,len:3884
entry 0x40080650
[0;32mI (32) boot: ESP-IDF v5.2-dev-917-g37d11ea04d-dirty 2nd stage bootloader[0m
[0;32mI (32) boot: compile time Jun  6 2023 01:00:02[0m
[0;32mI (35) boot: Multicore bootloader[0m
[0;32mI (39) boot: chip revision: v1.0[0m
[0;32mI (43) boot.esp32: SPI Speed      : 40MHz[0m
[0;32mI (48) boot.esp32: SPI Mode       : DIO[0m
[0;32mI (52) boot.esp32: SPI Flash Size : 2MB[0m
[0;32mI (57) boot: Enabling RNG early entropy source...[0m
[0;32mI (62) boot: Partition Table:[0m
[0;32mI (66) boot: ## Label            Usage          Type ST Offset   Length[0m
[0;32mI (73) boot:  0 nvs              WiFi data        01 02 00009000 00006000[0m
[0;32mI (80) boot:  1 phy_init         RF data          01 01 0000f000 00001000[0m
[0;32mI (88) boot:  2 factory          factory app      00 00 00010000 00100000[0m
[0;32mI (95) boot: End of partition table[0m
[0;32mI (99) esp_image: segment 0: paddr=00010020 vaddr=3f400020 size=093dch ( 37852) map[0m
[0;32mI (122) esp_image: segment 1: paddr=00019404 vaddr=3ffb0000 size=020cch (  8396) load[0m
[0;32mI (125) esp_image: segment 2: paddr=0001b4d8 vaddr=40080000 size=04b40h ( 19264) load[0m
[0;32mI (136) esp_image: segment 3: paddr=00020020 vaddr=400d0020 size=1d254h (119380) map[0m
[0;32mI (179) esp_image: segment 4: paddr=0003d27c vaddr=40084b40 size=071e0h ( 29152) load[0m
[0;32mI (197) boot: Loaded app from partition at offset 0x10000[0m
[0;32mI (198) boot: Disabling RNG early entropy source...[0m
[0;32mI (209) cpu_start: Multicore app[0m
[0;32mI (209) cpu_start: Pro cpu up.[0m
[0;32mI (209) cpu_start: Starting app cpu, entry point is 0x40081004[0m
[0;32mI (196) cpu_start: App cpu up.[0m
[0;32mI (227) cpu_start: Pro cpu start user code[0m
[0;32mI (227) cpu_start: cpu freq: 160000000 Hz[0m
[0;32mI (228) cpu_start: Application information:[0m
[0;32mI (232) cpu_start: Project name:     unit_test_test[0m
[0;32mI (238) cpu_start: App version:      31bee7b-dirty[0m
[0;32mI (243) cpu_start: Compile time:     Jun  6 2023 00:59:50[0m
[0;32mI (249) cpu_start: ELF file SHA256:  0bf6ec72e...[0m
[0;32mI (255) cpu_start: ESP-IDF:          v5.2-dev-917-g37d11ea04d-dirty[0m
[0;32mI (262) cpu_start: Min chip rev:     v0.0[0m
[0;32mI (266) cpu_start: Max chip rev:     v3.99 [0m
[0;32mI (271) cpu_start: Chip rev:         v1.0[0m
[0;32mI (276) heap_init: Initializing. RAM available for dynamic allocation:[0m
[0;32mI (283) heap_init: At 3FFAE6E0 len 00001920 (6 KiB): DRAM[0m
[0;32mI (289) heap_init: At 3FFB29F8 len 0002D608 (181 KiB): DRAM[0m
[0;32mI (295) heap_init: At 3FFE0440 len 00003AE0 (14 KiB): D/IRAM[0m
[0;32mI (302) heap_init: At 3FFE4350 len 0001BCB0 (111 KiB): D/IRAM[0m
[0;32mI (308) heap_init: At 4008BD20 len 000142E0 (80 KiB): IRAM[0m
[0;32mI (316) spi_flash: detected chip: generic[0m
[0;32mI (319) spi_flash: flash io: dio[0m
[0;33mW (323) spi_flash: Detected size(4096k) larger than the size in the binary image header(2048k). Using the size in the binary image header.[0m
[0;32mI (337) app_start: Starting scheduler on CPU0[0m
[0;32mI (341) app_start: Starting scheduler on CPU1[0m
[0;32mI (341) main_task: Started on CPU0[0m
[0;32mI (351) main_task: Calling app_main()[0m

#### Running all the registered tests #####

Running GGA Data decoding from NMEA...
Guru Meditation Error: Core  0 panic'ed (StoreProhibited). Exception was unhandled.

Core  0 register dump:
PC      : 0x4000169e  PS      : 0x00060030  A0      : 0x800d0ea7  A1      : 0x3ffb4c00  
A2      : 0x00000000  A3      : 0x3f40019d  A4      : 0xc0bffe64  A5      : 0x0000ff00  
A6      : 0x00ff0000  A7      : 0xff000000  A8      : 0x00000024  A9      : 0x3ffb4bd0  
A10     : 0x00000000  A11     : 0x000000ff  A12     : 0x00000000  A13     : 0x00060023  
A14     : 0xb33fffff  A15     : 0xb33fffff  SAR     : 0x00000004  EXCCAUSE: 0x0000001d  
EXCVADDR: 0x00000000  LBEG    : 0x40001699  LEND    : 0x400016aa  LCOUNT  : 0xffffffff  


Backtrace: 0x4000169b:0x3ffb4c00 0x400d0ea4:0x3ffb4c10 0x400d0f14:0x3ffb4c50 0x400d58ee:0x3ffb4c70 0x400d5a2d:0x3ffb4ca0 0x400d5a9a:0x3ffb4cc0 0x400d5bf3:0x3ffb4ce0 0x400eca55:0x3ffb4d00 0x40087aa1:0x3ffb4d20




ELF file SHA256: 0bf6ec72e

Rebooting...
ets Jun  8 2016 00:22:57

rst:0xc (SW_CPU_RESET),boot:0x13 (SPI_FAST_FLASH_BOOT)
configsip: 0, SPIWP:0xee
clk_drv:0x00,q_drv:0x00,d_drv:0x00,cs0_drv:0x00,hd_drv:0x00,wp_drv:0x00
mode:DIO, clock div:2
load:0x3fff0030,len:7132
ho 0 tail 12 room 4
load:0x40078000,len:15672
ho 0 tail 12 room 4
load:0x40080400,len:4
load:0x40080404,len:3884
entry 0x40080650
[0;32mI (32) boot: ESP-IDF v5.2-dev-917-g37d11ea04d-dirty 2nd stage bootloader[0m
[0;32mI (32) boot: compile time Jun  6 2023 01:00:02[0m
[0;32mI (35) boot: Multicore bootloader[0m
[0;32mI (39) boot: chip revision: v1.0[0m
[0;32mI (43) boot.esp32: SPI Speed      : 40MHz[0m
[0;32mI (48) boot.esp32: SPI Mode       : DIO[0m
[0;32mI (52) boot.esp32: SPI Flash Size : 2MB[0m
[0;32mI (57) boot: Enabling RNG early entropy source...[0m
[0;32mI (62) boot: Partition Table:[0m
[0;32mI (66) boot: ## Label            Usage          Type ST Offset   Length[0m
[0;32mI (73) boot:  0 nvs              WiFi data        01 02 00009000 00006000[0m
[0;32mI (80) boot:  1 phy_init         RF data          01 01 0000f000 00001000[0m
[0;32mI (88) boot:  2 factory          factory app      00 00 00010000 00100000[0m
[0;32mI (95) boot: End of partition table[0m
[0;32mI (99) esp_image: segment 0: paddr=00010020 vaddr=3f400020 size=093dch ( 37852) map[0m
[0;32mI (122) esp_image: segment 1: paddr=00019404 vaddr=3ffb0000 size=020cch (  8396) load[0m
[0;32mI (125) esp_image: segment 2: paddr=0001b4d8 vaddr=40080000 size=04b40h ( 19264) load[0m
[0;32mI (136) esp_image: segment 3: paddr=00020020 vaddr=400d0020 size=1d254h (119380) map[0m
[0;32mI (179) esp_image: segment 4: paddr=0003d27c vaddr=40084b40 size=071e0h ( 29152) load[0m
[0;32mI (197) boot: Loaded app from partition at offset 0x10000[0m
[0;32mI (198) boot: Disabling RNG early entropy source...[0m
[0;32mI (209) cpu_start: Multicore app[0m
[0;32mI (209) cpu_start: Pro cpu up.[0m
[0;32mI (209) cpu_start: Starting app cpu, entry point is 0x40081004[0m
[0;32mI (196) cpu_start: App cpu up.[0m
[0;32mI (227) cpu_start: Pro cpu start user code[0m
[0;32mI (227) cpu_start: cpu freq: 160000000 Hz[0m
[0;32mI (228) cpu_start: Application information:[0m
[0;32mI (232) cpu_start: Project name:     unit_test_test[0m
[0;32mI (238) cpu_start: App version:      31bee7b-dirty[0m
[0;32mI (243) cpu_start: Compile time:     Jun  6 2023 00:59:50[0m
[0;32mI (249) cpu_start: ELF file SHA256:  0bf6ec72e...[0m
[0;32mI (255) cpu_start: ESP-IDF:          v5.2-dev-917-g37d11ea04d-dirty[0m
[0;32mI (262) cpu_start: Min chip rev:     v0.0[0m
[0;32mI (266) cpu_start: Max chip rev:     v3.99 [0m
[0;32mI (271) cpu_start: Chip rev:         v1.0[0m
[0;32mI (276) heap_init: Initializing. RAM available for dynamic allocation:[0m
[0;32mI (283) heap_init: At 3FFAE6E0 len 00001920 (6 KiB): DRAM[0m
[0;32mI (289) heap_init: At 3FFB29F8 len 0002D608 (181 KiB): DRAM[0m
[0;32mI (295) heap_init: At 3FFE0440 len 00003AE0 (14 KiB): D/IRAM[0m
[0;32mI (302) heap_init: At 3FFE4350 len 0001BCB0 (111 KiB): D/IRAM[0m
[0;32mI (308) heap_init: At 4008BD20 len 000142E0 (80 KiB): IRAM[0m
[0;32mI (316) spi_flash: detected chip: generic[0m
[0;32mI (319) spi_flash: flash io: dio[0m
[0;33mW (323) spi_flash: Detected size(4096k) larger than the size in the binary image header(2048k). Using the size in the binary image header.[0m
[0;32mI (337) app_start: Starting scheduler on CPU0[0m
[0;32mI (341) app_start: Starting scheduler on CPU1[0m
[0;32mI (341) main_task: Started on CPU0[0m
[0;32mI (351) main_task: Calling app_main()[0m

#### Running all the registered tests #####

Running GGA Data decoding from NMEA...
Guru Meditation Error: Core  0 panic'ed (StoreProhibited). Exception was unhandled.

Core  0 register dump:
PC      : 0x4000169e  PS      : 0x00060030  A0      : 0x800d0ea7  A1      : 0x3ffb4c00  
A2      : 0x00000000  A3      : 0x3f40019d  A4      : 0xc0bffe64  A5      : 0x0000ff00  
A6      : 0x00ff0000  A7      : 0xff000000  A8      : 0x00000024  A9      : 0x3ffb4bd0  
A10     : 0x00000000  A11     : 0x000000ff  A12     : 0x00000000  A13     : 0x00060023  
A14     : 0xb33fffff  A15     : 0xb33fffff  SAR     : 0x00000004  EXCCAUSE: 0x0000001d  
EXCVADDR: 0x00000000  LBEG    : 0x40001699  LEND    : 0x400016aa  LCOUNT  : 0xffffffff  


Backtrace: 0x4000169b:0x3ffb4c00 0x400d0ea4:0x3ffb4c10 0x400d0f14:0x3ffb4c50 0x400d58ee:0x3ffb4c70 0x400d5a2d:0x3ffb4ca0 0x400d5a9a:0x3ffb4cc0 0x400d5bf3:0x3ffb4ce0 0x400eca55:0x3ffb4d00 0x40087aa1:0x3ffb4d20




ELF file SHA256: 0bf6ec72e

Rebooting...
ets Jun  8 2016 00:22:57

rst:0xc (SW_CPU_RESET),boot:0x13 (SPI_FAST_FLASH_BOOT)
configsip: 0, SPIWP:0xee
clk_drv:0x00,q_drv:0x00,d_drv:0x00,cs0_drv:0x00,hd_drv:0x00,wp_drv:0x00
mode:DIO, clock div:2
load:0x3fff0030,len:7132
ho 0 tail 12 room 4
load:0x40078000,len:15672
ho 0 tail 12 room 4
load:0x40080400,len:4
load:0x40080404,len:3884
entry 0x40080650
[0;32mI (32) boot: ESP-IDF v5.2-dev-917-g37d11ea04d-dirty 2nd stage bootloader[0m
[0;32mI (32) boot: compile time Jun  6 2023 01:00:02[0m
[0;32mI (35) boot: Multicore bootloader[0m
[0;32mI (39) boot: chip revision: v1.0[0m
[0;32mI (43) boot.esp32: SPI Speed      : 40MHz[0m
[0;32mI (48) boot.esp32: SPI Mode       : DIO[0m
[0;32mI (52) boot.esp32: SPI Flash Size : 2MB[0m
[0;32mI (57) boot: Enabling RNG early entropy source...[0m
[0;32mI (62) boot: Partition Table:[0m
[0;32mI (66) boot: ## Label            Usage          Type ST Offset   Length[0m
[0;32mI (73) boot:  0 nvs              WiFi data        01 02 00009000 00006000[0m
[0;32mI (80) boot:  1 phy_init         RF data          01 01 0000f000 00001000[0m
[0;32mI (88) boot:  2 factory          factory app      00 00 00010000 00100000[0m
[0;32mI (95) boot: End of partition table[0m
[0;32mI (99) esp_image: segment 0: paddr=00010020 vaddr=3f400020 size=093dch ( 37852) map[0m
[0;32mI (122) esp_image: segment 1: paddr=00019404 vaddr=3ffb0000 size=020cch (  8396) load[0m
[0;32mI (125) esp_image: segment 2: paddr=0001b4d8 vaddr=40080000 size=04b40h ( 19264) load[0m
[0;32mI (136) esp_image: segment 3: paddr=00020020 vaddr=400d0020 size=1d254h (119380) map[0m
[0;32mI (179) esp_image: segment 4: paddr=0003d27c vaddr=40084b40 size=071e0h ( 29152) load[0m
[0;32mI (197) boot: Loaded app from partition at offset 0x10000[0m
[0;32mI (198) boot: Disabling RNG early entropy source...[0m
[0;32mI (209) cpu_start: Multicore app[0m
[0;32mI (209) cpu_start: Pro cpu up.[0m
[0;32mI (209) cpu_start: Starting app cpu, entry point is 0x40081004[0m
[0;32mI (196) cpu_start: App cpu up.[0m
[0;32mI (227) cpu_start: Pro cpu start user code[0m
[0;32mI (227) cpu_start: cpu freq: 160000000 Hz[0m
[0;32mI (228) cpu_start: Application information:[0m
[0;32mI (232) cpu_start: Project name:     unit_test_test[0m
[0;32mI (238) cpu_start: App version:      31bee7b-dirty[0m
[0;32mI (243) cpu_start: Compile time:     Jun  6 2023 00:59:50[0m
[0;32mI (249) cpu_start: ELF file SHA256:  0bf6ec72e...[0m
[0;32mI (255) cpu_start: ESP-IDF:          v5.2-dev-917-g37d11ea04d-dirty[0m
[0;32mI (262) cpu_start: Min chip rev:     v0.0[0m
[0;32mI (266) cpu_start: Max chip rev:     v3.99 [0m
[0;32mI (271) cpu_start: Chip rev:         v1.0[0m
[0;32mI (276) heap_init: Initializing. RAM available for dynamic allocation:[0m
[0;32mI (283) heap_init: At 3FFAE6E0 len 00001920 (6 KiB): DRAM[0m
[0;32mI (289) heap_init: At 3FFB29F8 len 0002D608 (181 KiB): DRAM[0m
[0;32mI (295) heap_init: At 3FFE0440 len 00003AE0 (14 KiB): D/IRAM[0m
[0;32mI (302) heap_init: At 3FFE4350 len 0001BCB0 (111 KiB): D/IRAM[0m
[0;32mI (308) heap_init: At 4008BD20 len 000142E0 (80 KiB): IRAM[0m
[0;32mI (316) spi_flash: detected chip: generic[0m
[0;32mI (319) spi_flash: flash io: dio[0m
[0;33mW (323) spi_flash: Detected size(4096k) larger than the size in the binary image header(2048k). Using the size in the binary image header.[0m
[0;32mI (337) app_start: Starting scheduler on CPU0[0m
[0;32mI (341) app_start: Starting scheduler on CPU1[0m
[0;32mI (341) main_task: Started on CPU0[0m
[0;32mI (351) main_task: Calling app_main()[0m

#### Running all the registered tests #####

Running GGA Data decoding from NMEA...
Guru Meditation Error: Core  0 panic'ed (StoreProhibited). Exception was unhandled.

Core  0 register dump:
PC      : 0x4000169e  PS      : 0x00060030  A0      : 0x800d0ea7  A1      : 0x3ffb4c00  
A2      : 0x00000000  A3      : 0x3f40019d  A4      : 0xc0bffe64  A5      : 0x0000ff00  
A6      : 0x00ff0000  A7      : 0xff000000  A8      : 0x00000024  A9      : 0x3ffb4bd0  
A10     : 0x00000000  A11     : 0x000000ff  A12     : 0x00000000  A13     : 0x00060023  
A14     : 0xb33fffff  A15     : 0xb33fffff  SAR     : 0x00000004  EXCCAUSE: 0x0000001d  
EXCVADDR: 0x00000000  LBEG    : 0x40001699  LEND    : 0x400016aa  LCOUNT  : 0xffffffff  


Backtrace: 0x4000169b:0x3ffb4c00 0x400d0ea4:0x3ffb4c10 0x400d0f14:0x3ffb4c50 0x400d58ee:0x3ffb4c70 0x400d5a2d:0x3ffb4ca0 0x400d5a9a:0x3ffb4cc0 0x400d5bf3:0x3ffb4ce0 0x400eca55:0x3ffb4d00 0x40087aa1:0x3ffb4d20




ELF file SHA256: 0bf6ec72e

Rebooting...
ets Jun  8 2016 00:22:57

rst:0xc (SW_CPU_RESET),boot:0x13 (SPI_FAST_FLASH_BOOT)
configsip: 0, SPIWP:0xee
clk_drv:0x00,q_drv:0x00,d_drv:0x00,cs0_drv:0x00,hd_drv:0x00,wp_drv:0x00
mode:DIO, clock div:2
load:0x3fff0030,len:7132
ho 0 tail 12 room 4
load:0x40078000,len:15672
ho 0 tail 12 room 4
load:0x40080400,len:4
load:0x40080404,len:3884
entry 0x40080650
[0;32mI (32) boot: ESP-IDF v5.2-dev-917-g37d11ea04d-dirty 2nd stage bootloader[0m
[0;32mI (32) boot: compile time Jun  6 2023 01:00:02[0m
[0;32mI (35) boot: Multicore bootloader[0m
[0;32mI (39) boot: chip revision: v1.0[0m
[0;32mI (43) boot.esp32: SPI Speed      : 40MHz[0m
[0;32mI (48) boot.esp32: SPI Mode       : DIO[0m
[0;32mI (52) boot.esp32: SPI Flash Size : 2MB[0m
[0;32mI (57) boot: Enabling RNG early entropy source...[0m
[0;32mI (62) boot: Partition Table:[0m
[0;32mI (66) boot: ## Label            Usage          Type ST Offset   Length[0m
[0;32mI (73) boot:  0 nvs              WiFi data        01 02 00009000 00006000[0m
[0;32mI (80) boot:  1 phy_init         RF data          01 01 0000f000 00001000[0m
[0;32mI (88) boot:  2 factory          factory app      00 00 00010000 00100000[0m
[0;32mI (95) boot: End of partition table[0m
[0;32mI (99) esp_image: segment 0: paddr=00010020 vaddr=3f400020 size=093dch ( 37852) map[0m
[0;32mI (122) esp_image: segment 1: paddr=00019404 vaddr=3ffb0000 size=020cch (  8396) load[0m
[0;32mI (125) esp_image: segment 2: paddr=0001b4d8 vaddr=40080000 size=04b40h ( 19264) load[0m
[0;32mI (136) esp_image: segment 3: paddr=00020020 vaddr=400d0020 size=1d254h (119380) map[0m
[0;32mI (179) esp_image: segment 4: paddr=0003d27c vaddr=40084b40 size=071e0h ( 29152) load[0m
[0;32mI (197) boot: Loaded app from partition at offset 0x10000[0m
[0;32mI (198) boot: Disabling RNG early entropy source...[0m
[0;32mI (209) cpu_start: Multicore app[0m
[0;32mI (209) cpu_start: Pro cpu up.[0m
[0;32mI (209) cpu_start: Starting app cpu, entry point is 0x40081004[0m
[0;32mI (196) cpu_start: App cpu up.[0m
[0;32mI (227) cpu_start: Pro cpu start user code[0m
[0;32mI (227) cpu_start: cpu freq: 160000000 Hz[0m
[0;32mI (228) cpu_start: Application information:[0m
[0;32mI (232) cpu_start: Project name:     unit_test_test[0m
[0;32mI (238) cpu_start: App version:      31bee7b-dirty[0m
[0;32mI (243) cpu_start: Compile time:     Jun  6 2023 00:59:50[0m
[0;32mI (249) cpu_start: ELF file SHA256:  0bf6ec72e...[0m
[0;32mI (255) cpu_start: ESP-IDF:          v5.2-dev-917-g37d11ea04d-dirty[0m
[0;32mI (262) cpu_start: Min chip rev:     v0.0[0m
[0;32mI (266) cpu_start: Max chip rev:     v3.99 [0m
[0;32mI (271) cpu_start: Chip rev:         v1.0[0m
[0;32mI (276) heap_init: Initializing. RAM available for dynamic allocation:[0m
[0;32mI (283) heap_init: At 3FFAE6E0 len 00001920 (6 KiB): DRAM[0m
[0;32mI (289) heap_init: At 3FFB29F8 len 0002D608 (181 KiB): DRAM[0m
[0;32mI (295) heap_init: At 3FFE0440 len 00003AE0 (14 KiB): D/IRAM[0m
[0;32mI (302) heap_init: At 3FFE4350 len 0001BCB0 (111 KiB): D/IRAM[0m
[0;32mI (308) heap_init: At 4008BD20 len 000142E0 (80 KiB): IRAM[0m
[0;32mI (316) spi_flash: detected chip: generic[0m
[0;32mI (319) spi_flash: flash io: dio[0m
[0;33mW (323) spi_flash: Detected size(4096k) larger than the size in the binary image header(2048k). Using the size in the binary image header.[0m
[0;32mI (337) app_start: Starting scheduler on CPU0[0m
[0;32mI (341) app_start: Starting scheduler on CPU1[0m
[0;32mI (341) main_task: Started on CPU0[0m
[0;32mI (351) main_task: Calling app_main()[0m

#### Running all the registered tests #####

Running GGA Data decoding from NMEA...
Guru Meditation Error: Core  0 panic'ed (StoreProhibited). Exception was unhandled.

Core  0 register dump:
PC      : 0x4000169e  PS      : 0x00060030  A0      : 0x800d0ea7  A1      : 0x3ffb4c00  
A2      : 0x00000000  A3      : 0x3f40019d  A4      : 0xc0bffe64  A5      : 0x0000ff00  
A6      : 0x00ff0000  A7      : 0xff000000  A8      : 0x00000024  A9      : 0x3ffb4bd0  
A10     : 0x00000000  A11     : 0x000000ff  A12     : 0x00000000  A13     : 0x00060023  
A14     : 0xb33fffff  A15     : 0xb33fffff  SAR     : 0x00000004  EXCCAUSE: 0x0000001d  
EXCVADDR: 0x00000000  LBEG    : 0x40001699  LEND    : 0x400016aa  LCOUNT  : 0xffffffff  


Backtrace: 0x4000169b:0x3ffb4c00 0x400d0ea4:0x3ffb4c10 0x400d0f14:0x3ffb4c50 0x400d58ee:0x3ffb4c70 0x400d5a2d:0x3ffb4ca0 0x400d5a9a:0x3ffb4cc0 0x400d5bf3:0x3ffb4ce0 0x400eca55:0x3ffb4d00 0x40087aa1:0x3ffb4d20




ELF file SHA256: 0bf6ec72e

Rebooting...
ets Jun  8 2016 00:22:57

rst:0xc (SW_CPU_RESET),boot:0x13 (SPI_FAST_FLASH_BOOT)
configsip: 0, SPIWP:0xee
clk_drv:0x00,q_drv:0x00,d_drv:0x00,cs0_drv:0x00,hd_drv:0x00,wp_drv:0x00
mode:DIO, clock div:2
load:0x3fff0030,len:7132
ho 0 tail 12 room 4
load:0x40078000,len:15672
ho 0 tail 12 room 4
load:0x40080400,len:4
load:0x40080404,len:3884
entry 0x40080650
[0;32mI (32) boot: ESP-IDF v5.2-dev-917-g37d11ea04d-dirty 2nd stage bootloader[0m
[0;32mI (32) boot: compile time Jun  6 2023 01:00:02[0m
[0;32mI (35) boot: Multicore bootloader[0m
[0;32mI (39) boot: chip revision: v1.0[0m
[0;32mI (43) boot.esp32: SPI Speed      : 40MHz[0m
[0;32mI (48) boot.esp32: SPI Mode       : DIO[0m
[0;32mI (52) boot.esp32: SPI Flash Size : 2MB[0m
[0;32mI (57) boot: Enabling RNG early entropy source...[0m
[0;32mI (62) boot: Partition Table:[0m
[0;32mI (66) boot: ## Label            Usage          Type ST Offset   Length[0m
[0;32mI (73) boot:  0 nvs              WiFi data        01 02 00009000 00006000[0m
[0;32mI (80) boot:  1 phy_init         RF data          01 01 0000f000 00001000[0m
[0;32mI (88) boot:  2 factory          factory app      00 00 00010000 00100000[0m
[0;32mI (95) boot: End of partition table[0m
[0;32mI (99) esp_image: segment 0: paddr=00010020 vaddr=3f400020 size=093dch ( 37852) map[0m
[0;32mI (122) esp_image: segment 1: paddr=00019404 vaddr=3ffb0000 size=020cch (  8396) load[0m
[0;32mI (125) esp_image: segment 2: paddr=0001b4d8 vaddr=40080000 size=04b40h ( 19264) load[0m
[0;32mI (136) esp_image: segment 3: paddr=00020020 vaddr=400d0020 size=1d254h (119380) map[0m
[0;32mI (179) esp_image: segment 4: paddr=0003d27c vaddr=40084b40 size=071e0h ( 29152) load[0m
[0;32mI (197) boot: Loaded app from partition at offset 0x10000[0m
[0;32mI (198) boot: Disabling RNG early entropy source...[0m
[0;32mI (209) cpu_start: Multicore app[0m
[0;32mI (209) cpu_start: Pro cpu up.[0m
[0;32mI (209) cpu_start: Starting app cpu, entry point is 0x40081004[0m
[0;32mI (196) cpu_start: App cpu up.[0m
[0;32mI (227) cpu_start: Pro cpu start user code[0m
[0;32mI (227) cpu_start: cpu freq: 160000000 Hz[0m
[0;32mI (228) cpu_start: Application information:[0m
[0;32mI (232) cpu_start: Project name:     unit_test_test[0m
[0;32mI (238) cpu_start: App version:      31bee7b-dirty[0m
[0;32mI (243) cpu_start: Compile time:     Jun  6 2023 00:59:50[0m
[0;32mI (249) cpu_start: ELF file SHA256:  0bf6ec72e...[0m
[0;32mI (255) cpu_start: ESP-IDF:          v5.2-dev-917-g37d11ea04d-dirty[0m
[0;32mI (262) cpu_start: Min chip rev:     v0.0[0m
[0;32mI (266) cpu_start: Max chip rev:     v3.99 [0m
[0;32mI (271) cpu_start: Chip rev:         v1.0[0m
[0;32mI (276) heap_init: Initializing. RAM available for dynamic allocation:[0m
[0;32mI (283) heap_init: At 3FFAE6E0 len 00001920 (6 KiB): DRAM[0m
[0;32mI (289) heap_init: At 3FFB29F8 len 0002D608 (181 KiB): DRAM[0m
[0;32mI (295) heap_init: At 3FFE0440 len 00003AE0 (14 KiB): D/IRAM[0m
[0;32mI (302) heap_init: At 3FFE4350 len 0001BCB0 (111 KiB): D/IRAM[0m
[0;32mI (308) heap_init: At 4008BD20 len 000142E0 (80 KiB): IRAM[0m
[0;32mI (316) spi_flash: detected chip: generic[0m
[0;32mI (319) spi_flash: flash io: dio[0m
[0;33mW (323) spi_flash: Detected size(4096k) larger than the size in the binary image header(2048k). Using the size in the binary image header.[0m
[0;32mI (337) app_start: Starting scheduler on CPU0[0m
[0;32mI (341) app_start: Starting scheduler on CPU1[0m
[0;32mI (341) main_task: Started on CPU0[0m
[0;32mI (351) main_task: Calling app_main()[0m

#### Running all the registered tests #####

Running GGA Data decoding from NMEA...
Guru Meditation Error: Core  0 panic'ed (StoreProhibited). Exception was unhandled.

Core  0 register dump:
PC      : 0x4000169e  PS      : 0x00060030  A0      : 0x800d0ea7  A1      : 0x3ffb4c00  
A2      : 0x00000000  A3      : 0x3f40019d  A4      : 0xc0bffe64  A5      : 0x0000ff00  
A6      : 0x00ff0000  A7      : 0xff000000  A8      : 0x00000024  A9      : 0x3ffb4bd0  
A10     : 0x00000000  A11     : 0x000000ff  A12     : 0x00000000  A13     : 0x00060023  
A14     : 0xb33fffff  A15     : 0xb33fffff  SAR     : 0x00000004  EXCCAUSE: 0x0000001d  
EXCVADDR: 0x00000000  LBEG    : 0x40001699  LEND    : 0x400016aa  LCOUNT  : 0xffffffff  


Backtrace: 0x4000169b:0x3ffb4c00 0x400d0ea4:0x3ffb4c10 0x400d0f14:0x3ffb4c50 0x400d58ee:0x3ffb4c70 0x400d5a2d:0x3ffb4ca0 0x400d5a9a:0x3ffb4cc0 0x400d5bf3:0x3ffb4ce0 0x400eca55:0x3ffb4d00 0x40087aa1:0x3ffb4d20




ELF file SHA256: 0bf6ec72e

Rebooting...
ets Jun  8 2016 00:22:57

rst:0xc (SW_CPU_RESET),boot:0x13 (SPI_FAST_FLASH_BOOT)
configsip: 0, SPIWP:0xee
clk_drv:0x00,q_drv:0x00,d_drv:0x00,cs0_drv:0x00,hd_drv:0x00,wp_drv:0x00
mode:DIO, clock div:2
load:0x3fff0030,len:7132
ho 0 tail 12 room 4
load:0x40078000,len:15672
ho 0 tail 12 room 4
load:0x40080400,len:4
load:0x40080404,len:3884
entry 0x40080650
[0;32mI (32) boot: ESP-IDF v5.2-dev-917-g37d11ea04d-dirty 2nd stage bootloader[0m
[0;32mI (32) boot: compile time Jun  6 2023 01:00:02[0m
[0;32mI (35) boot: Multicore bootloader[0m
[0;32mI (39) boot: chip revision: v1.0[0m
[0;32mI (43) boot.esp32: SPI Speed      : 40MHz[0m
[0;32mI (48) boot.esp32: SPI Mode       : DIO[0m
[0;32mI (52) boot.esp32: SPI Flash Size : 2MB[0m
[0;32mI (57) boot: Enabling RNG early entropy source...[0m
[0;32mI (62) boot: Partition Table:[0m
[0;32mI (66) boot: ## Label            Usage          Type ST Offset   Length[0m
[0;32mI (73) boot:  0 nvs              WiFi data        01 02 00009000 00006000[0m
[0;32mI (80) boot:  1 phy_init         RF data          01 01 0000f000 00001000[0m
[0;32mI (88) boot:  2 factory          factory app      00 00 00010000 00100000[0m
[0;32mI (95) boot: End of partition table[0m
[0;32mI (99) esp_image: segment 0: paddr=00010020 vaddr=3f400020 size=093dch ( 37852) map[0m
[0;32mI (122) esp_image: segment 1: paddr=00019404 vaddr=3ffb0000 size=020cch (  8396) load[0m
[0;32mI (125) esp_image: segment 2: paddr=0001b4d8 vaddr=40080000 size=04b40h ( 19264) load[0m
[0;32mI (136) esp_image: segment 3: paddr=00020020 vaddr=400d0020 size=1d254h (119380) map[0m
